 Network pby2203_exp3_s8_fernando_fuentes_allende_default Creating 
 Network pby2203_exp3_s8_fernando_fuentes_allende_default Creating 
 Network pby2203_exp3_s8_fernando_fuentes_allende_default Created 
 Network pby2203_exp3_s8_fernando_fuentes_allende_default Created 
 Container kafka Creating 
 Container config-server Creating 
 Container auth-server Creating 
 Container eureka-server Creating 
 Container config-server Created 
 Container eureka-server Created 
 Container auth-server Created 
 Container kafka Created 
 Container notificaciones-service-b Creating 
 Container core-service Creating 
 Container notificaciones-service-a Creating 
 Container core-service Created 
 Container bff-web Creating 
 Container bff-atm Creating 
 Container bff-mobile Creating 
 Container notificaciones-service-a Created 
 Container notificaciones-service-b Created 
 Container bff-web Created 
 Container bff-mobile Created 
 Container bff-atm Created 
 Container kafka Starting 
 Container eureka-server Starting 
 Container auth-server Starting 
 Container config-server Starting 
 Container kafka Started 
 Container eureka-server Started 
 Container auth-server Started 
 Container config-server Started 
 Container kafka Waiting 
 Container config-server Waiting 
 Container eureka-server Waiting 
 Container kafka Waiting 
 Container config-server Waiting 
 Container eureka-server Waiting 
 Container eureka-server Waiting 
 Container kafka Waiting 
 Container auth-server Waiting 
 Container config-server Waiting 
 Container kafka Healthy 
 Container kafka Healthy 
 Container kafka Healthy 
 Container auth-server Healthy 
 Container config-server Healthy 
 Container config-server Healthy 
 Container config-server Healthy 
 Container eureka-server Healthy 
 Container notificaciones-service-b Starting 
 Container eureka-server Healthy 
 Container core-service Starting 
 Container eureka-server Healthy 
 Container notificaciones-service-a Starting 
 Container notificaciones-service-b Started 
 Container core-service Started 
 Container core-service Waiting 
 Container config-server Waiting 
 Container auth-server Waiting 
 Container config-server Waiting 
 Container eureka-server Waiting 
 Container kafka Waiting 
 Container eureka-server Waiting 
 Container config-server Waiting 
 Container eureka-server Waiting 
 Container core-service Waiting 
 Container auth-server Waiting 
 Container core-service Waiting 
 Container auth-server Waiting 
 Container config-server Healthy 
 Container auth-server Healthy 
 Container auth-server Healthy 
 Container auth-server Healthy 
 Container eureka-server Healthy 
 Container kafka Healthy 
 Container config-server Healthy 
 Container eureka-server Healthy 
 Container eureka-server Healthy 
 Container config-server Healthy 
 Container notificaciones-service-a Started 
 Container core-service Healthy 
 Container bff-mobile Starting 
 Container core-service Healthy 
 Container bff-web Starting 
 Container core-service Healthy 
 Container bff-atm Starting 
 Container bff-mobile Started 
 Container bff-web Started 
 Container bff-atm Started 
