
  .   ____          _            __ _ _
 /\\ / ___'_ __ _ _(_)_ __  __ _ \ \ \ \
( ( )\___ | '_ | '_| | '_ \/ _` | \ \ \ \
 \\/  ___)| |_)| | | | | || (_| |  ) ) ) )
  '  |____| .__|_| |_|_| |_\__, | / / / /
 =========|_|==============|___/=/_/_/_/

 :: Spring Boot ::                (v3.3.4)

2026-10-03T14:11:39.614-03:00  INFO 6996 --- [eureka-server] [           main] c.b.discovery.EurekaServerApplication    : Starting EurekaServerApplication v1.0.0 using Java 24 with PID 6996 (C:\Users\ffuen\Desktop\PBY2203_Exp3_S8_Fernando_Fuentes_Allende\eureka-server\target\eureka-server.jar started by ffuen in C:\Users\ffuen\Desktop\PBY2203_Exp3_S8_Fernando_Fuentes_Allende)
2026-10-03T14:11:39.619-03:00  INFO 6996 --- [eureka-server] [           main] c.b.discovery.EurekaServerApplication    : No active profile set, falling back to 1 default profile: "default"
2026-10-03T14:11:41.085-03:00  INFO 6996 --- [eureka-server] [           main] o.s.cloud.context.scope.GenericScope     : BeanFactory id=3cbe52d5-3858-3fbf-a130-83fe55951f6c
WARNING: A restricted method in java.lang.System has been called
WARNING: java.lang.System::load has been called by org.apache.tomcat.jni.Library in an unnamed module (jar:nested:/C:/Users/ffuen/Desktop/PBY2203_Exp3_S8_Fernando_Fuentes_Allende/eureka-server/target/eureka-server.jar/!BOOT-INF/lib/tomcat-embed-core-10.1.30.jar!/)
WARNING: Use --enable-native-access=ALL-UNNAMED to avoid a warning for callers in this module
WARNING: Restricted methods will be blocked in a future release unless native access is enabled

2026-10-03T14:11:41.682-03:00  INFO 6996 --- [eureka-server] [           main] o.s.b.w.embedded.tomcat.TomcatWebServer  : Tomcat initialized with port 8761 (http)
2026-10-03T14:11:41.702-03:00  INFO 6996 --- [eureka-server] [           main] o.apache.catalina.core.StandardService   : Starting service [Tomcat]
2026-10-03T14:11:41.703-03:00  INFO 6996 --- [eureka-server] [           main] o.apache.catalina.core.StandardEngine    : Starting Servlet engine: [Apache Tomcat/10.1.30]
2026-10-03T14:11:41.758-03:00  INFO 6996 --- [eureka-server] [           main] o.a.c.c.C.[Tomcat].[localhost].[/]       : Initializing Spring embedded WebApplicationContext
2026-10-03T14:11:41.759-03:00  INFO 6996 --- [eureka-server] [           main] w.s.c.ServletWebServerApplicationContext : Root WebApplicationContext: initialization completed in 2064 ms
2026-10-03T14:11:43.613-03:00  INFO 6996 --- [eureka-server] [           main] c.n.d.provider.DiscoveryJerseyProvider   : Using JSON encoding codec LegacyJacksonJson
2026-10-03T14:11:43.614-03:00  INFO 6996 --- [eureka-server] [           main] c.n.d.provider.DiscoveryJerseyProvider   : Using JSON decoding codec LegacyJacksonJson
WARNING: A terminally deprecated method in sun.misc.Unsafe has been called
WARNING: sun.misc.Unsafe::objectFieldOffset has been called by com.thoughtworks.xstream.converters.reflection.SunUnsafeReflectionProvider (jar:nested:/C:/Users/ffuen/Desktop/PBY2203_Exp3_S8_Fernando_Fuentes_Allende/eureka-server/target/eureka-server.jar/!BOOT-INF/lib/xstream-1.4.21.jar!/)
WARNING: Please consider reporting this to the maintainers of class com.thoughtworks.xstream.converters.reflection.SunUnsafeReflectionProvider
WARNING: sun.misc.Unsafe::objectFieldOffset will be removed in a future release
2026-10-03T14:11:43.921-03:00  INFO 6996 --- [eureka-server] [           main] c.n.d.provider.DiscoveryJerseyProvider   : Using XML encoding codec XStreamXml
2026-10-03T14:11:43.921-03:00  INFO 6996 --- [eureka-server] [           main] c.n.d.provider.DiscoveryJerseyProvider   : Using XML decoding codec XStreamXml
2026-10-03T14:11:45.469-03:00  INFO 6996 --- [eureka-server] [           main] o.s.cloud.commons.util.InetUtils         : Cannot determine local hostname
2026-10-03T14:11:46.765-03:00  INFO 6996 --- [eureka-server] [           main] o.s.cloud.commons.util.InetUtils         : Cannot determine local hostname
2026-10-03T14:11:46.834-03:00  WARN 6996 --- [eureka-server] [           main] iguration$LoadBalancerCaffeineWarnLogger : Spring Cloud LoadBalancer is currently working with the default cache. While this cache implementation is useful for development and tests, it's recommended to use Caffeine cache in production.You can switch to using Caffeine cache, by adding it and org.springframework.cache.caffeine.CaffeineCacheManager to the classpath.
2026-10-03T14:11:46.857-03:00  INFO 6996 --- [eureka-server] [           main] o.s.c.n.eureka.InstanceInfoFactory       : Setting initial instance status as: STARTING
2026-10-03T14:11:46.880-03:00  INFO 6996 --- [eureka-server] [           main] com.netflix.discovery.DiscoveryClient    : Initializing Eureka in region us-east-1
2026-10-03T14:11:46.880-03:00  INFO 6996 --- [eureka-server] [           main] com.netflix.discovery.DiscoveryClient    : Client configured to neither register nor query for data.
2026-10-03T14:11:46.882-03:00  INFO 6996 --- [eureka-server] [           main] com.netflix.discovery.DiscoveryClient    : Discovery Client initialized at timestamp 1791047506881 with initial instances count: 0
2026-10-03T14:11:46.927-03:00  INFO 6996 --- [eureka-server] [           main] c.n.eureka.DefaultEurekaServerContext    : Initializing ...
2026-10-03T14:11:46.928-03:00  WARN 6996 --- [eureka-server] [           main] c.n.eureka.cluster.PeerEurekaNodes       : The replica size seems to be empty. Check the route 53 DNS Registry
2026-10-03T14:11:46.938-03:00  INFO 6996 --- [eureka-server] [           main] c.n.e.registry.AbstractInstanceRegistry  : Finished initializing remote region registries. All known remote regions: []
2026-10-03T14:11:46.939-03:00  INFO 6996 --- [eureka-server] [           main] c.n.eureka.DefaultEurekaServerContext    : Initialized
2026-10-03T14:11:46.953-03:00  INFO 6996 --- [eureka-server] [           main] o.s.b.a.e.web.EndpointLinksResolver      : Exposing 1 endpoint beneath base path '/actuator'
2026-10-03T14:11:47.001-03:00  INFO 6996 --- [eureka-server] [           main] o.s.c.n.e.s.EurekaServiceRegistry        : Registering application EUREKA-SERVER with eureka with status UP
2026-10-03T14:11:47.015-03:00  INFO 6996 --- [eureka-server] [      Thread-10] o.s.c.n.e.server.EurekaServerBootstrap   : isAws returned false
2026-10-03T14:11:47.015-03:00  INFO 6996 --- [eureka-server] [      Thread-10] o.s.c.n.e.server.EurekaServerBootstrap   : Initialized server context
2026-10-03T14:11:47.016-03:00  INFO 6996 --- [eureka-server] [      Thread-10] c.n.e.r.PeerAwareInstanceRegistryImpl    : Got 1 instances from neighboring DS node
2026-10-03T14:11:47.016-03:00  INFO 6996 --- [eureka-server] [      Thread-10] c.n.e.r.PeerAwareInstanceRegistryImpl    : Renew threshold is: 1
2026-10-03T14:11:47.016-03:00  INFO 6996 --- [eureka-server] [      Thread-10] c.n.e.r.PeerAwareInstanceRegistryImpl    : Changing status to UP
2026-10-03T14:11:47.018-03:00  INFO 6996 --- [eureka-server] [      Thread-10] e.s.EurekaServerInitializerConfiguration : Started Eureka Server
2026-10-03T14:11:47.031-03:00  INFO 6996 --- [eureka-server] [           main] o.s.b.w.embedded.tomcat.TomcatWebServer  : Tomcat started on port 8761 (http) with context path '/'
2026-10-03T14:11:47.032-03:00  INFO 6996 --- [eureka-server] [           main] .s.c.n.e.s.EurekaAutoServiceRegistration : Updating port to 8761
2026-10-03T14:11:47.757-03:00  INFO 6996 --- [eureka-server] [nio-8761-exec-1] o.a.c.c.C.[Tomcat].[localhost].[/]       : Initializing Spring DispatcherServlet 'dispatcherServlet'
2026-10-03T14:11:47.757-03:00  INFO 6996 --- [eureka-server] [nio-8761-exec-1] o.s.web.servlet.DispatcherServlet        : Initializing Servlet 'dispatcherServlet'
2026-10-03T14:11:47.758-03:00  INFO 6996 --- [eureka-server] [nio-8761-exec-1] o.s.web.servlet.DispatcherServlet        : Completed initialization in 1 ms
2026-10-03T14:11:48.039-03:00  INFO 6996 --- [eureka-server] [           main] o.s.cloud.commons.util.InetUtils         : Cannot determine local hostname
2026-10-03T14:11:48.052-03:00  INFO 6996 --- [eureka-server] [           main] c.b.discovery.EurekaServerApplication    : Started EurekaServerApplication in 10.034 seconds (process running for 10.756)
2026-10-03T14:12:14.428-03:00  INFO 6996 --- [eureka-server] [nio-8761-exec-1] c.n.e.registry.AbstractInstanceRegistry  : Registered instance CORE-SERVICE/localhost:core-service:8080 with status UP (replication=false)
2026-10-03T14:12:32.607-03:00  INFO 6996 --- [eureka-server] [nio-8761-exec-4] c.n.e.registry.AbstractInstanceRegistry  : Registered instance BFF-WEB/localhost:bff-web:8081 with status UP (replication=false)
2026-10-03T14:12:47.017-03:00  INFO 6996 --- [eureka-server] [a-EvictionTimer] c.n.e.registry.AbstractInstanceRegistry  : Running the evict task with compensationTime 0ms
2026-10-03T14:12:52.689-03:00  INFO 6996 --- [eureka-server] [nio-8761-exec-5] c.n.e.registry.AbstractInstanceRegistry  : Registered instance BFF-MOBILE/localhost:bff-mobile:8082 with status UP (replication=false)
2026-10-03T14:13:07.799-03:00  INFO 6996 --- [eureka-server] [nio-8761-exec-1] c.n.e.registry.AbstractInstanceRegistry  : Registered instance BFF-ATM/localhost:bff-atm:8083 with status UP (replication=false)
2026-10-03T14:13:21.685-03:00  INFO 6996 --- [eureka-server] [nio-8761-exec-6] c.n.e.registry.AbstractInstanceRegistry  : Registered instance NOTIFICACIONES-SERVICE/notificaciones-service:8084 with status UP (replication=false)
2026-10-03T14:13:36.411-03:00  INFO 6996 --- [eureka-server] [nio-8761-exec-1] c.n.e.registry.AbstractInstanceRegistry  : Registered instance NOTIFICACIONES-SERVICE/notificaciones-service:8085 with status UP (replication=false)
2026-10-03T14:13:47.017-03:00  INFO 6996 --- [eureka-server] [a-EvictionTimer] c.n.e.registry.AbstractInstanceRegistry  : Running the evict task with compensationTime 0ms
