
  .   ____          _            __ _ _
 /\\ / ___'_ __ _ _(_)_ __  __ _ \ \ \ \
( ( )\___ | '_ | '_| | '_ \/ _` | \ \ \ \
 \\/  ___)| |_)| | | | | || (_| |  ) ) ) )
  '  |____| .__|_| |_|_| |_\__, | / / / /
 =========|_|==============|___/=/_/_/_/

 :: Spring Boot ::                (v3.3.4)

2026-10-03T14:11:24.276-03:00  INFO 1924 --- [config-server] [           main] c.b.config.ConfigServerApplication       : Starting ConfigServerApplication v1.0.0 using Java 24 with PID 1924 (C:\Users\ffuen\Desktop\PBY2203_Exp3_S8_Fernando_Fuentes_Allende\config-server\target\config-server.jar started by ffuen in C:\Users\ffuen\Desktop\PBY2203_Exp3_S8_Fernando_Fuentes_Allende)
2026-10-03T14:11:24.300-03:00  INFO 1924 --- [config-server] [           main] c.b.config.ConfigServerApplication       : The following 1 profile is active: "native"
2026-10-03T14:11:26.637-03:00  INFO 1924 --- [config-server] [           main] o.s.cloud.context.scope.GenericScope     : BeanFactory id=db215e97-977c-3847-b676-3c40335a84d2
WARNING: A restricted method in java.lang.System has been called
WARNING: java.lang.System::load has been called by org.apache.tomcat.jni.Library in an unnamed module (jar:nested:/C:/Users/ffuen/Desktop/PBY2203_Exp3_S8_Fernando_Fuentes_Allende/config-server/target/config-server.jar/!BOOT-INF/lib/tomcat-embed-core-10.1.30.jar!/)
WARNING: Use --enable-native-access=ALL-UNNAMED to avoid a warning for callers in this module
WARNING: Restricted methods will be blocked in a future release unless native access is enabled

2026-10-03T14:11:27.506-03:00  INFO 1924 --- [config-server] [           main] o.s.b.w.embedded.tomcat.TomcatWebServer  : Tomcat initialized with port 8888 (http)
2026-10-03T14:11:27.547-03:00  INFO 1924 --- [config-server] [           main] o.apache.catalina.core.StandardService   : Starting service [Tomcat]
2026-10-03T14:11:27.548-03:00  INFO 1924 --- [config-server] [           main] o.apache.catalina.core.StandardEngine    : Starting Servlet engine: [Apache Tomcat/10.1.30]
2026-10-03T14:11:27.637-03:00  INFO 1924 --- [config-server] [           main] o.a.c.c.C.[Tomcat].[localhost].[/]       : Initializing Spring embedded WebApplicationContext
2026-10-03T14:11:27.638-03:00  INFO 1924 --- [config-server] [           main] w.s.c.ServletWebServerApplicationContext : Root WebApplicationContext: initialization completed in 3220 ms
2026-10-03T14:11:30.359-03:00  INFO 1924 --- [config-server] [           main] o.s.cloud.commons.util.InetUtils         : Cannot determine local hostname
2026-10-03T14:11:31.673-03:00  INFO 1924 --- [config-server] [           main] o.s.b.a.e.web.EndpointLinksResolver      : Exposing 1 endpoint beneath base path '/actuator'
2026-10-03T14:11:31.827-03:00  INFO 1924 --- [config-server] [           main] o.s.b.w.embedded.tomcat.TomcatWebServer  : Tomcat started on port 8888 (http) with context path '/'
2026-10-03T14:11:32.290-03:00  INFO 1924 --- [config-server] [nio-8888-exec-1] o.a.c.c.C.[Tomcat].[localhost].[/]       : Initializing Spring DispatcherServlet 'dispatcherServlet'
2026-10-03T14:11:32.290-03:00  INFO 1924 --- [config-server] [nio-8888-exec-1] o.s.web.servlet.DispatcherServlet        : Initializing Servlet 'dispatcherServlet'
2026-10-03T14:11:32.292-03:00  INFO 1924 --- [config-server] [nio-8888-exec-1] o.s.web.servlet.DispatcherServlet        : Completed initialization in 2 ms
2026-10-03T14:11:32.399-03:00  INFO 1924 --- [config-server] [nio-8888-exec-1] o.s.c.c.s.e.NativeEnvironmentRepository  : Adding property source: Config resource 'class path resource [config-repo/core-service.yml]' via location 'classpath:/config-repo/'
2026-10-03T14:11:32.847-03:00  INFO 1924 --- [config-server] [           main] o.s.cloud.commons.util.InetUtils         : Cannot determine local hostname
2026-10-03T14:11:32.862-03:00  INFO 1924 --- [config-server] [           main] c.b.config.ConfigServerApplication       : Started ConfigServerApplication in 10.688 seconds (process running for 11.907)
2026-10-03T14:11:33.601-03:00  INFO 1924 --- [config-server] [nio-8888-exec-2] o.s.c.c.s.e.NativeEnvironmentRepository  : Adding property source: Config resource 'class path resource [config-repo/core-service.yml]' via location 'classpath:/config-repo/'
2026-10-03T14:11:34.725-03:00  INFO 1924 --- [config-server] [nio-8888-exec-4] o.s.c.c.s.e.NativeEnvironmentRepository  : Adding property source: Config resource 'class path resource [config-repo/core-service.yml]' via location 'classpath:/config-repo/'
2026-10-03T14:11:35.845-03:00  INFO 1924 --- [config-server] [nio-8888-exec-6] o.s.c.c.s.e.NativeEnvironmentRepository  : Adding property source: Config resource 'class path resource [config-repo/core-service.yml]' via location 'classpath:/config-repo/'
2026-10-03T14:11:36.988-03:00  INFO 1924 --- [config-server] [nio-8888-exec-8] o.s.c.c.s.e.NativeEnvironmentRepository  : Adding property source: Config resource 'class path resource [config-repo/core-service.yml]' via location 'classpath:/config-repo/'
2026-10-03T14:12:06.177-03:00  INFO 1924 --- [config-server] [nio-8888-exec-9] o.s.c.c.s.e.NativeEnvironmentRepository  : Adding property source: Config resource 'class path resource [config-repo/core-service.yml]' via location 'classpath:/config-repo/'
2026-10-03T14:12:21.964-03:00  INFO 1924 --- [config-server] [io-8888-exec-10] o.s.c.c.s.e.NativeEnvironmentRepository  : Adding property source: Config resource 'class path resource [config-repo/bff-web.yml]' via location 'classpath:/config-repo/'
2026-10-03T14:12:39.288-03:00  INFO 1924 --- [config-server] [nio-8888-exec-1] o.s.c.c.s.e.NativeEnvironmentRepository  : Adding property source: Config resource 'class path resource [config-repo/bff-mobile.yml]' via location 'classpath:/config-repo/'
2026-10-03T14:12:58.509-03:00  INFO 1924 --- [config-server] [nio-8888-exec-2] o.s.c.c.s.e.NativeEnvironmentRepository  : Adding property source: Config resource 'class path resource [config-repo/bff-atm.yml]' via location 'classpath:/config-repo/'
2026-10-03T14:13:14.429-03:00  INFO 1924 --- [config-server] [nio-8888-exec-4] o.s.c.c.s.e.NativeEnvironmentRepository  : Adding property source: Config resource 'class path resource [config-repo/notificaciones-service.yml]' via location 'classpath:/config-repo/'
2026-10-03T14:13:29.794-03:00  INFO 1924 --- [config-server] [nio-8888-exec-6] o.s.c.c.s.e.NativeEnvironmentRepository  : Adding property source: Config resource 'class path resource [config-repo/notificaciones-service.yml]' via location 'classpath:/config-repo/'
