
  .   ____          _            __ _ _
 /\\ / ___'_ __ _ _(_)_ __  __ _ \ \ \ \
( ( )\___ | '_ | '_| | '_ \/ _` | \ \ \ \
 \\/  ___)| |_)| | | | | || (_| |  ) ) ) )
  '  |____| .__|_| |_|_| |_\__, | / / / /
 =========|_|==============|___/=/_/_/_/

 :: Spring Boot ::                (v3.3.4)

2026-10-03 14:12:23.290 [main] INFO  com.bancoxyz.bff.web.BffWebApplication - Starting BffWebApplication v1.0.0 using Java 24 with PID 13052 (C:\Users\ffuen\Desktop\PBY2203_Exp3_S8_Fernando_Fuentes_Allende\bff-web\target\bff-web.jar started by ffuen in C:\Users\ffuen\Desktop\PBY2203_Exp3_S8_Fernando_Fuentes_Allende)
2026-10-03 14:12:23.298 [main] INFO  com.bancoxyz.bff.web.BffWebApplication - No active profile set, falling back to 1 default profile: "default"
2026-10-03 14:12:23.363 [main] INFO  o.s.c.c.client.ConfigServerConfigDataLoader - Fetching config from server at : http://localhost:8888
2026-10-03 14:12:23.363 [main] INFO  o.s.c.c.client.ConfigServerConfigDataLoader - Located environment: name=bff-web, profiles=[default], label=null, version=null, state=null
2026-10-03 14:12:25.036 [main] INFO  o.s.cloud.context.scope.GenericScope - BeanFactory id=81dfcf0f-b307-3f68-9e8b-527e9173941a
WARNING: A restricted method in java.lang.System has been called
WARNING: java.lang.System::load has been called by org.apache.tomcat.jni.Library in an unnamed module (jar:nested:/C:/Users/ffuen/Desktop/PBY2203_Exp3_S8_Fernando_Fuentes_Allende/bff-web/target/bff-web.jar/!BOOT-INF/lib/tomcat-embed-core-10.1.30.jar!/)
WARNING: Use --enable-native-access=ALL-UNNAMED to avoid a warning for callers in this module
WARNING: Restricted methods will be blocked in a future release unless native access is enabled

2026-10-03 14:12:26.270 [main] INFO  o.s.boot.web.embedded.tomcat.TomcatWebServer - Tomcat initialized with port 8081 (https)
2026-10-03 14:12:26.296 [main] INFO  org.apache.catalina.core.StandardService - Starting service [Tomcat]
2026-10-03 14:12:26.297 [main] INFO  org.apache.catalina.core.StandardEngine - Starting Servlet engine: [Apache Tomcat/10.1.30]
2026-10-03 14:12:26.355 [main] INFO  o.a.c.c.C.[Tomcat].[localhost].[/] - Initializing Spring embedded WebApplicationContext
2026-10-03 14:12:26.356 [main] INFO  o.s.b.w.s.c.ServletWebServerApplicationContext - Root WebApplicationContext: initialization completed in 2988 ms
2026-10-03 14:12:30.727 [main] INFO  o.s.cloud.commons.util.InetUtils - Cannot determine local hostname
2026-10-03 14:12:32.200 [main] INFO  o.s.cloud.commons.util.InetUtils - Cannot determine local hostname
2026-10-03 14:12:32.237 [main] INFO  o.s.c.n.e.c.DiscoveryClientOptionalArgsConfiguration - Eureka HTTP Client uses RestTemplate.
2026-10-03 14:12:32.328 [main] WARN  o.s.c.l.c.LoadBalancerCacheAutoConfiguration$LoadBalancerCaffeineWarnLogger - Spring Cloud LoadBalancer is currently working with the default cache. While this cache implementation is useful for development and tests, it's recommended to use Caffeine cache in production.You can switch to using Caffeine cache, by adding it and org.springframework.cache.caffeine.CaffeineCacheManager to the classpath.
2026-10-03 14:12:32.342 [main] INFO  o.s.b.a.endpoint.web.EndpointLinksResolver - Exposing 1 endpoint beneath base path '/actuator'
2026-10-03 14:12:32.403 [main] INFO  o.s.cloud.netflix.eureka.InstanceInfoFactory - Setting initial instance status as: STARTING
2026-10-03 14:12:32.429 [main] INFO  com.netflix.discovery.DiscoveryClient - Initializing Eureka in region us-east-1
2026-10-03 14:12:32.433 [main] INFO  c.n.d.s.resolver.aws.ConfigClusterResolver - Resolving eureka endpoints via configuration
2026-10-03 14:12:32.439 [main] INFO  com.netflix.discovery.DiscoveryClient - Disable delta property : false
2026-10-03 14:12:32.439 [main] INFO  com.netflix.discovery.DiscoveryClient - Single vip registry refresh property : null
2026-10-03 14:12:32.439 [main] INFO  com.netflix.discovery.DiscoveryClient - Force full registry fetch : false
2026-10-03 14:12:32.439 [main] INFO  com.netflix.discovery.DiscoveryClient - Application is null : false
2026-10-03 14:12:32.439 [main] INFO  com.netflix.discovery.DiscoveryClient - Registered Applications size is zero : true
2026-10-03 14:12:32.439 [main] INFO  com.netflix.discovery.DiscoveryClient - Application version is -1: true
2026-10-03 14:12:32.439 [main] INFO  com.netflix.discovery.DiscoveryClient - Getting all instance registry info from the eureka server
2026-10-03 14:12:32.562 [main] INFO  com.netflix.discovery.DiscoveryClient - The response status is 200
2026-10-03 14:12:32.564 [main] INFO  com.netflix.discovery.DiscoveryClient - Starting heartbeat executor: renew interval is: 30
2026-10-03 14:12:32.565 [main] INFO  com.netflix.discovery.InstanceInfoReplicator - InstanceInfoReplicator onDemand update allowed rate per min is 4
2026-10-03 14:12:32.566 [main] INFO  com.netflix.discovery.DiscoveryClient - Discovery Client initialized at timestamp 1791047552566 with initial instances count: 1
2026-10-03 14:12:32.574 [main] INFO  o.s.c.n.e.s.EurekaServiceRegistry - Registering application BFF-WEB with eureka with status UP
2026-10-03 14:12:32.575 [main] INFO  com.netflix.discovery.DiscoveryClient - Saw local status change event StatusChangeEvent [timestamp=1791047552575, current=UP, previous=STARTING]
2026-10-03 14:12:32.576 [DiscoveryClient-InstanceInfoReplicator-%d] INFO  com.netflix.discovery.DiscoveryClient - DiscoveryClient_BFF-WEB/localhost:bff-web:8081: registering service...
2026-10-03 14:12:32.608 [DiscoveryClient-InstanceInfoReplicator-%d] INFO  com.netflix.discovery.DiscoveryClient - DiscoveryClient_BFF-WEB/localhost:bff-web:8081 - registration status: 204
2026-10-03 14:12:32.711 [main] INFO  o.a.tomcat.util.net.NioEndpoint.certificate - Connector [https-jsse-nio-8081], TLS virtual host [_default_], certificate type [UNDEFINED] configured from keystore [C:\Users\ffuen\.keystore] using alias [bffweb] with trust store [null]
2026-10-03 14:12:32.737 [main] INFO  o.s.boot.web.embedded.tomcat.TomcatWebServer - Tomcat started on port 8081 (https) with context path '/'
2026-10-03 14:12:32.738 [main] INFO  o.s.c.n.e.s.EurekaAutoServiceRegistration - Updating port to 8081
WARNING: A terminally deprecated method in sun.misc.Unsafe has been called
WARNING: sun.misc.Unsafe::invokeCleaner has been called by org.apache.tomcat.util.buf.ByteBufferUtils (jar:nested:/C:/Users/ffuen/Desktop/PBY2203_Exp3_S8_Fernando_Fuentes_Allende/bff-web/target/bff-web.jar/!BOOT-INF/lib/tomcat-embed-core-10.1.30.jar!/)
WARNING: Please consider reporting this to the maintainers of class org.apache.tomcat.util.buf.ByteBufferUtils
WARNING: sun.misc.Unsafe::invokeCleaner will be removed in a future release
2026-10-03 14:12:32.954 [https-jsse-nio-8081-exec-6] INFO  o.a.c.c.C.[Tomcat].[localhost].[/] - Initializing Spring DispatcherServlet 'dispatcherServlet'
2026-10-03 14:12:32.954 [https-jsse-nio-8081-exec-6] INFO  o.s.web.servlet.DispatcherServlet - Initializing Servlet 'dispatcherServlet'
2026-10-03 14:12:32.955 [https-jsse-nio-8081-exec-6] INFO  o.s.web.servlet.DispatcherServlet - Completed initialization in 1 ms
2026-10-03 14:12:32.968 [https-jsse-nio-8081-exec-6] WARN  o.s.w.s.m.s.DefaultHandlerExceptionResolver - Resolved [org.springframework.web.HttpRequestMethodNotSupportedException: Request method 'GET' is not supported]
2026-10-03 14:12:33.744 [main] INFO  o.s.cloud.commons.util.InetUtils - Cannot determine local hostname
2026-10-03 14:12:33.764 [main] INFO  com.bancoxyz.bff.web.BffWebApplication - Started BffWebApplication in 12.856 seconds (process running for 13.593)
2026-10-03 14:12:34.134 [https-jsse-nio-8081-exec-3] WARN  o.s.w.s.m.s.DefaultHandlerExceptionResolver - Resolved [org.springframework.web.HttpRequestMethodNotSupportedException: Request method 'GET' is not supported]
2026-10-03 14:12:35.271 [https-jsse-nio-8081-exec-8] WARN  o.s.w.s.m.s.DefaultHandlerExceptionResolver - Resolved [org.springframework.web.HttpRequestMethodNotSupportedException: Request method 'GET' is not supported]
2026-10-03 14:12:36.436 [https-jsse-nio-8081-exec-1] WARN  o.s.w.s.m.s.DefaultHandlerExceptionResolver - Resolved [org.springframework.web.HttpRequestMethodNotSupportedException: Request method 'GET' is not supported]
2026-10-03 14:12:37.567 [https-jsse-nio-8081-exec-9] WARN  o.s.w.s.m.s.DefaultHandlerExceptionResolver - Resolved [org.springframework.web.HttpRequestMethodNotSupportedException: Request method 'GET' is not supported]
2026-10-03 14:13:47.679 [https-jsse-nio-8081-exec-5] INFO  o.a.kafka.clients.producer.ProducerConfig - ProducerConfig values: 
	acks = -1
	auto.include.jmx.reporter = true
	batch.size = 16384
	bootstrap.servers = [localhost:9092]
	buffer.memory = 33554432
	client.dns.lookup = use_all_dns_ips
	client.id = bff-web-producer-1
	compression.type = none
	connections.max.idle.ms = 540000
	delivery.timeout.ms = 120000
	enable.idempotence = true
	enable.metrics.push = true
	interceptor.classes = []
	key.serializer = class org.apache.kafka.common.serialization.StringSerializer
	linger.ms = 0
	max.block.ms = 60000
	max.in.flight.requests.per.connection = 5
	max.request.size = 1048576
	metadata.max.age.ms = 300000
	metadata.max.idle.ms = 300000
	metric.reporters = []
	metrics.num.samples = 2
	metrics.recording.level = INFO
	metrics.sample.window.ms = 30000
	partitioner.adaptive.partitioning.enable = true
	partitioner.availability.timeout.ms = 0
	partitioner.class = null
	partitioner.ignore.keys = false
	receive.buffer.bytes = 32768
	reconnect.backoff.max.ms = 1000
	reconnect.backoff.ms = 50
	request.timeout.ms = 30000
	retries = 2147483647
	retry.backoff.max.ms = 1000
	retry.backoff.ms = 100
	sasl.client.callback.handler.class = null
	sasl.jaas.config = null
	sasl.kerberos.kinit.cmd = /usr/bin/kinit
	sasl.kerberos.min.time.before.relogin = 60000
	sasl.kerberos.service.name = null
	sasl.kerberos.ticket.renew.jitter = 0.05
	sasl.kerberos.ticket.renew.window.factor = 0.8
	sasl.login.callback.handler.class = null
	sasl.login.class = null
	sasl.login.connect.timeout.ms = null
	sasl.login.read.timeout.ms = null
	sasl.login.refresh.buffer.seconds = 300
	sasl.login.refresh.min.period.seconds = 60
	sasl.login.refresh.window.factor = 0.8
	sasl.login.refresh.window.jitter = 0.05
	sasl.login.retry.backoff.max.ms = 10000
	sasl.login.retry.backoff.ms = 100
	sasl.mechanism = GSSAPI
	sasl.oauthbearer.clock.skew.seconds = 30
	sasl.oauthbearer.expected.audience = null
	sasl.oauthbearer.expected.issuer = null
	sasl.oauthbearer.jwks.endpoint.refresh.ms = 3600000
	sasl.oauthbearer.jwks.endpoint.retry.backoff.max.ms = 10000
	sasl.oauthbearer.jwks.endpoint.retry.backoff.ms = 100
	sasl.oauthbearer.jwks.endpoint.url = null
	sasl.oauthbearer.scope.claim.name = scope
	sasl.oauthbearer.sub.claim.name = sub
	sasl.oauthbearer.token.endpoint.url = null
	security.protocol = PLAINTEXT
	security.providers = null
	send.buffer.bytes = 131072
	socket.connection.setup.timeout.max.ms = 30000
	socket.connection.setup.timeout.ms = 10000
	ssl.cipher.suites = null
	ssl.enabled.protocols = [TLSv1.2, TLSv1.3]
	ssl.endpoint.identification.algorithm = https
	ssl.engine.factory.class = null
	ssl.key.password = null
	ssl.keymanager.algorithm = SunX509
	ssl.keystore.certificate.chain = null
	ssl.keystore.key = null
	ssl.keystore.location = null
	ssl.keystore.password = null
	ssl.keystore.type = JKS
	ssl.protocol = TLSv1.3
	ssl.provider = null
	ssl.secure.random.implementation = null
	ssl.trustmanager.algorithm = PKIX
	ssl.truststore.certificates = null
	ssl.truststore.location = null
	ssl.truststore.password = null
	ssl.truststore.type = JKS
	transaction.timeout.ms = 60000
	transactional.id = null
	value.serializer = class org.springframework.kafka.support.serializer.JsonSerializer

2026-10-03 14:13:47.740 [https-jsse-nio-8081-exec-5] INFO  o.a.k.c.t.internals.KafkaMetricsCollector - initializing Kafka metrics collector
2026-10-03 14:13:47.766 [https-jsse-nio-8081-exec-5] INFO  o.apache.kafka.clients.producer.KafkaProducer - [Producer clientId=bff-web-producer-1] Instantiated an idempotent producer.
2026-10-03 14:13:47.817 [https-jsse-nio-8081-exec-5] INFO  org.apache.kafka.common.utils.AppInfoParser - Kafka version: 3.7.1
2026-10-03 14:13:47.817 [https-jsse-nio-8081-exec-5] INFO  org.apache.kafka.common.utils.AppInfoParser - Kafka commitId: e2494e6ffb89f828
2026-10-03 14:13:47.817 [https-jsse-nio-8081-exec-5] INFO  org.apache.kafka.common.utils.AppInfoParser - Kafka startTimeMs: 1791047627815
2026-10-03 14:13:48.160 [kafka-producer-network-thread | bff-web-producer-1] INFO  org.apache.kafka.clients.Metadata - [Producer clientId=bff-web-producer-1] Cluster ID: Some(5L6g3nShT-eMCtK--X86sw)
2026-10-03 14:13:48.271 [kafka-producer-network-thread | bff-web-producer-1] INFO  o.a.k.c.producer.internals.TransactionManager - [Producer clientId=bff-web-producer-1] ProducerId set to 0 with epoch 0
2026-10-03 14:14:01.283 [https-jsse-nio-8081-exec-1] WARN  o.s.c.l.c.RetryAwareServiceInstanceListSupplier - No instances found after removing previously used service instance from the search ([EurekaServiceInstance@52f53bc5 instance = InstanceInfo [instanceId = localhost:core-service:8080, appName = CORE-SERVICE, hostName = localhost, status = UP, ipAddr = 169.254.48.54, port = 8080, securePort = 443, dataCenterInfo = com.netflix.appinfo.MyDataCenterInfo@215bd980]). Returning all found instances.
2026-10-03 14:14:01.394 [https-jsse-nio-8081-exec-9] WARN  o.s.c.l.c.RetryAwareServiceInstanceListSupplier - No instances found after removing previously used service instance from the search ([EurekaServiceInstance@52f53bc5 instance = InstanceInfo [instanceId = localhost:core-service:8080, appName = CORE-SERVICE, hostName = localhost, status = UP, ipAddr = 169.254.48.54, port = 8080, securePort = 443, dataCenterInfo = com.netflix.appinfo.MyDataCenterInfo@215bd980]). Returning all found instances.
2026-10-03 14:14:01.493 [https-jsse-nio-8081-exec-2] WARN  o.s.c.l.c.RetryAwareServiceInstanceListSupplier - No instances found after removing previously used service instance from the search ([EurekaServiceInstance@52f53bc5 instance = InstanceInfo [instanceId = localhost:core-service:8080, appName = CORE-SERVICE, hostName = localhost, status = UP, ipAddr = 169.254.48.54, port = 8080, securePort = 443, dataCenterInfo = com.netflix.appinfo.MyDataCenterInfo@215bd980]). Returning all found instances.
2026-10-03 14:14:01.597 [https-jsse-nio-8081-exec-3] WARN  o.s.c.l.c.RetryAwareServiceInstanceListSupplier - No instances found after removing previously used service instance from the search ([EurekaServiceInstance@52f53bc5 instance = InstanceInfo [instanceId = localhost:core-service:8080, appName = CORE-SERVICE, hostName = localhost, status = UP, ipAddr = 169.254.48.54, port = 8080, securePort = 443, dataCenterInfo = com.netflix.appinfo.MyDataCenterInfo@215bd980]). Returning all found instances.
2026-10-03 14:14:01.752 [https-jsse-nio-8081-exec-7] WARN  o.s.c.l.c.RetryAwareServiceInstanceListSupplier - No instances found after removing previously used service instance from the search ([EurekaServiceInstance@52f53bc5 instance = InstanceInfo [instanceId = localhost:core-service:8080, appName = CORE-SERVICE, hostName = localhost, status = UP, ipAddr = 169.254.48.54, port = 8080, securePort = 443, dataCenterInfo = com.netflix.appinfo.MyDataCenterInfo@215bd980]). Returning all found instances.
