
=== 0. Login canal WEB (cuenta 101, 'John Doe') - se reutiliza para las 3 transferencias ===

=== 1. Transferencia EXITOSA: cuenta 101 -> cuenta 105, $500 ===
Saldo antes: cuenta 101 = 10000.0 | cuenta 105 = 9000.0
{
  "transferenciaId": "f000fd6e-d5b4-458e-a3ae-0b68bdcbf36a",
  "estado": "EN_PROCESO",
  "mensaje": "Transferencia recibida y en procesamiento. Consulte su estado con GET /api/web/transferencias/f000fd6e-d5b4-458e-a3ae-0b68bdcbf36a"
}
POST /transferencias -> HTTP 202 (se espera 202)
Esperando el resultado final de la saga...
{
  "transferenciaId": "f000fd6e-d5b4-458e-a3ae-0b68bdcbf36a",
  "cuentaOrigen": 101,
  "cuentaDestino": 105,
  "monto": 500.0,
  "estado": "COMPLETADA",
  "detalle": null
}
Estado final -> COMPLETADA (se espera COMPLETADA)
Saldo despues: cuenta 101 = 9500.0 (baja $500) | cuenta 105 = 9500.0 (sube $500)

=== 2. Transferencia RECHAZADA: fondos insuficientes en la cuenta origen ===
{
  "transferenciaId": "b9fdb042-c2c3-46aa-9220-2fcfae161492",
  "cuentaOrigen": 101,
  "cuentaDestino": 105,
  "monto": 999999999,
  "estado": "RECHAZADA",
  "detalle": "Saldo insuficiente en la cuenta origen (saldo=9500.0, solicitado=9.99999999E8)."
}
Estado final -> RECHAZADA (se espera RECHAZADA)
Saldo cuenta 101: antes=9500.0 despues=9500.0 (deben ser iguales: nunca se llego a debitar)

=== 3. Transferencia COMPENSADA: la cuenta destino no existe (se revierte el debito) ===
{
  "transferenciaId": "cd17581f-4a37-4505-a833-d9448273a0e9",
  "cuentaOrigen": 101,
  "cuentaDestino": 999999,
  "monto": 250.0,
  "estado": "COMPENSADA",
  "detalle": "La cuenta destino 999999 no existe; se revirtio el debito aplicado en la cuenta origen."
}
Estado final -> COMPENSADA (se espera COMPENSADA)
Saldo cuenta 101: antes=9500.0 despues=9500.0 (deben ser iguales: se debito $250 y la compensacion lo volvio a acreditar)

=== 4. Autorizacion: el token de la cuenta 101 no puede transferir DESDE la cuenta 105 ===
POST /api/web/cuentas/105/transferencias con token de la cuenta 101 -> HTTP 403 (se espera 403)

=== 5. Transferencias adicionales (para la evidencia de escalabilidad de notificaciones-service) ===
{"transferenciaId":"2c468223-87ab-40eb-8a98-306c34424a22","estado":"EN_PROCESO","mensaje":"Transferencia recibida y en procesamiento. Consulte su estado con GET /api/web/transferencias/2c468223-87ab-40eb-8a98-306c34424a22"}
{"transferenciaId":"886e7588-c30f-4e15-8b68-2730b1151524","estado":"EN_PROCESO","mensaje":"Transferencia recibida y en procesamiento. Consulte su estado con GET /api/web/transferencias/886e7588-c30f-4e15-8b68-2730b1151524"}
{"transferenciaId":"28217e79-914d-4b37-a9eb-55d9017a0d75","estado":"EN_PROCESO","mensaje":"Transferencia recibida y en procesamiento. Consulte su estado con GET /api/web/transferencias/28217e79-914d-4b37-a9eb-55d9017a0d75"}
Esperando unos segundos a que notificaciones-service procese los eventos generados...

=== Fin de las pruebas de transferencias ===
