
  .   ____          _            __ _ _
 /\\ / ___'_ __ _ _(_)_ __  __ _ \ \ \ \
( ( )\___ | '_ | '_| | '_ \/ _` | \ \ \ \
 \\/  ___)| |_)| | | | | || (_| |  ) ) ) )
  '  |____| .__|_| |_|_| |_\__, | / / / /
 =========|_|==============|___/=/_/_/_/

 :: Spring Boot ::                (v3.3.4)

2026-10-03 14:11:53.757 [main] INFO  com.bancoxyz.bff.auth.AuthServerApplication - Starting AuthServerApplication v1.0.0 using Java 24 with PID 24860 (C:\Users\ffuen\Desktop\PBY2203_Exp3_S8_Fernando_Fuentes_Allende\auth-server\target\auth-server.jar started by ffuen in C:\Users\ffuen\Desktop\PBY2203_Exp3_S8_Fernando_Fuentes_Allende)
2026-10-03 14:11:53.760 [main] INFO  com.bancoxyz.bff.auth.AuthServerApplication - No active profile set, falling back to 1 default profile: "default"
WARNING: A restricted method in java.lang.System has been called
WARNING: java.lang.System::load has been called by org.apache.tomcat.jni.Library in an unnamed module (jar:nested:/C:/Users/ffuen/Desktop/PBY2203_Exp3_S8_Fernando_Fuentes_Allende/auth-server/target/auth-server.jar/!BOOT-INF/lib/tomcat-embed-core-10.1.30.jar!/)
WARNING: Use --enable-native-access=ALL-UNNAMED to avoid a warning for callers in this module
WARNING: Restricted methods will be blocked in a future release unless native access is enabled

2026-10-03 14:11:55.543 [main] INFO  o.s.boot.web.embedded.tomcat.TomcatWebServer - Tomcat initialized with port 9000 (http)
2026-10-03 14:11:55.567 [main] INFO  org.apache.catalina.core.StandardService - Starting service [Tomcat]
2026-10-03 14:11:55.567 [main] INFO  org.apache.catalina.core.StandardEngine - Starting Servlet engine: [Apache Tomcat/10.1.30]
2026-10-03 14:11:55.624 [main] INFO  o.a.c.c.C.[Tomcat].[localhost].[/] - Initializing Spring embedded WebApplicationContext
2026-10-03 14:11:55.625 [main] INFO  o.s.b.w.s.c.ServletWebServerApplicationContext - Root WebApplicationContext: initialization completed in 1794 ms
2026-10-03 14:11:56.883 [main] INFO  o.s.b.a.endpoint.web.EndpointLinksResolver - Exposing 1 endpoint beneath base path '/actuator'
2026-10-03 14:11:57.329 [main] INFO  o.s.boot.web.embedded.tomcat.TomcatWebServer - Tomcat started on port 9000 (http) with context path '/'
2026-10-03 14:11:57.354 [main] INFO  com.bancoxyz.bff.auth.AuthServerApplication - Started AuthServerApplication in 4.096 seconds (process running for 4.624)
2026-10-03 14:11:57.516 [http-nio-9000-exec-1] INFO  o.a.c.c.C.[Tomcat].[localhost].[/] - Initializing Spring DispatcherServlet 'dispatcherServlet'
2026-10-03 14:11:57.516 [http-nio-9000-exec-1] INFO  o.s.web.servlet.DispatcherServlet - Initializing Servlet 'dispatcherServlet'
2026-10-03 14:11:57.517 [http-nio-9000-exec-1] INFO  o.s.web.servlet.DispatcherServlet - Completed initialization in 1 ms
